{
  "root": {
    "name": "root",
    "type": "container",
    "kids": [
      {
        "name": "configuration",
        "type": "container",
        "kids": [
          {
            "name": "engineer",
            "type": "container",
            "kids": [
              {
                "name": "name",
                "type": "leaf",
                "leaf-type": "string",
                "mandatory": true,
                "path": "engineer"
              },
              {
                "name": "age",
                "type": "leaf",
                "leaf-type": "int32",
                "path": "engineer"
              },
              {
                "name": "commute",
                "type": "leaf",
                "leaf-type": "string",
                "path": "engineer"
              },
              {
                "name": "food",
                "type": "list",
                "key": "item_name",
                "kids": [
                  {
                    "name": "coffee",
                    "type": "container",
                    "kids": [
                      {
                        "name": "size",
                        "type": "leaf",
                        "leaf-type": "enumeration",
                        "enums": [
                          {
                            "id": "tall",
                            "value": 0
                          },
                          {
                            "id": "grande",
                            "value": 1
                          },
                          {
                            "id": "venti",
                            "value": 2
                          }
                        ]
                      },
                      {
                        "name": "milk",
                        "type": "leaf",
                        "leaf-type": "boolean"
                      }
                    ],
                    "path": "engineer/food"
                  }
                ],
                "ordered-by": "system",
                "path": "engineer"
              }
            ],
            "path": ""
          }
        ],
        "path": ""
      }
    ],
    "path": ""
  },
  "identities": [],
  "path": ""
}